# mapw and maph are unused, just there for reference.  Which may not be a
# particularly good idea, wrong information being worse than none.
#mapw: 23
#maph: 24
tilew: 16
tileh: 16
tileset:
   - map0.sprite
   - map1.sprite
   - map2.sprite
terrainset:
   - forest
   - ocean
   - plains
map:
   -
      - 0
      - 0
      - 0
      - 0
      - 0
      - 0
      - 0
      - 0
      - 0
      - 0
      - 0
      - 0
      - 0
      - 0
      - 0
      - 0
      - 0
      - 0
      - 0
      - 0
      - 0
      - 0
      - 0
      - 0
   -
      - 1
      - 1
      - 1
      - 1
      - 1
      - 1
      - 1
      - 1
      - 1
      - 1
      - 1
      - 1
      - 1
      - 1
      - 1
      - 1
      - 1
      - 1
      - 1
      - 1
      - 1
      - 1
      - 1
      - 1
   -
      - 2
      - 2
      - 2
      - 2
      - 2
      - 2
      - 2
      - 2
      - 2
      - 2
      - 2
      - 2
      - 2
      - 2
      - 2
      - 2
      - 2
      - 2
      - 2
      - 2
      - 2
      - 2
      - 2
      - 2
   -
      - 0
      - 0
      - 0
      - 0
      - 0
      - 0
      - 0
      - 0
      - 0
      - 0
      - 0
      - 0
      - 0
      - 0
      - 0
      - 0
      - 0
      - 0
      - 0
      - 0
      - 0
      - 0
      - 0
      - 0
   -
      - 1
      - 1
      - 1
      - 1
      - 1
      - 1
      - 1
      - 1
      - 1
      - 1
      - 1
      - 1
      - 1
      - 1
      - 1
      - 1
      - 1
      - 1
      - 1
      - 1
      - 1
      - 1
      - 1
      - 1
   -
      - 2
      - 2
      - 2
      - 2
      - 2
      - 2
      - 2
      - 2
      - 2
      - 2
      - 2
      - 2
      - 2
      - 2
      - 2
      - 2
      - 2
      - 2
      - 2
      - 2
      - 2
      - 2
      - 2
      - 2
   -
      - 0
      - 0
      - 0
      - 0
      - 0
      - 0
      - 0
      - 0
      - 0
      - 0
      - 0
      - 0
      - 0
      - 0
      - 0
      - 0
      - 0
      - 0
      - 0
      - 0
      - 0
      - 0
      - 0
      - 0
   -
      - 1
      - 1
      - 1
      - 1
      - 1
      - 1
      - 1
      - 1
      - 1
      - 1
      - 1
      - 1
      - 1
      - 1
      - 1
      - 1
      - 1
      - 1
      - 1
      - 1
      - 1
      - 1
      - 1
      - 1
   -
      - 2
      - 2
      - 2
      - 2
      - 2
      - 2
      - 2
      - 2
      - 2
      - 2
      - 2
      - 2
      - 2
      - 2
      - 2
      - 2
      - 2
      - 2
      - 2
      - 2
      - 2
      - 2
      - 2
      - 2
   -
      - 0
      - 0
      - 0
      - 0
      - 0
      - 0
      - 0
      - 0
      - 0
      - 0
      - 0
      - 0
      - 0
      - 0
      - 0
      - 0
      - 0
      - 0
      - 0
      - 0
      - 0
      - 0
      - 0
      - 0
   -
      - 1
      - 1
      - 1
      - 1
      - 1
      - 1
      - 1
      - 1
      - 1
      - 1
      - 1
      - 1
      - 1
      - 1
      - 1
      - 1
      - 1
      - 1
      - 1
      - 1
      - 1
      - 1
      - 1
      - 1
   -
      - 2
      - 2
      - 2
      - 2
      - 2
      - 2
      - 2
      - 2
      - 2
      - 2
      - 2
      - 2
      - 2
      - 2
      - 2
      - 2
      - 2
      - 2
      - 2
      - 2
      - 2
      - 2
      - 2
      - 2
   -
      - 0
      - 0
      - 0
      - 0
      - 0
      - 0
      - 0
      - 0
      - 0
      - 0
      - 0
      - 0
      - 0
      - 0
      - 0
      - 0
      - 0
      - 0
      - 0
      - 0
      - 0
      - 0
      - 0
      - 0
   -
      - 1
      - 1
      - 1
      - 1
      - 1
      - 1
      - 1
      - 1
      - 1
      - 1
      - 1
      - 1
      - 1
      - 1
      - 1
      - 1
      - 1
      - 1
      - 1
      - 1
      - 1
      - 1
      - 1
      - 1
   -
      - 2
      - 2
      - 2
      - 2
      - 2
      - 2
      - 2
      - 2
      - 2
      - 2
      - 2
      - 2
      - 2
      - 2
      - 2
      - 2
      - 2
      - 2
      - 2
      - 2
      - 2
      - 2
      - 2
      - 2
   -
      - 0
      - 0
      - 0
      - 0
      - 0
      - 0
      - 0
      - 0
      - 0
      - 0
      - 0
      - 0
      - 0
      - 0
      - 0
      - 0
      - 0
      - 0
      - 0
      - 0
      - 0
      - 0
      - 0
      - 0
   -
      - 1
      - 1
      - 1
      - 1
      - 1
      - 1
      - 1
      - 1
      - 1
      - 1
      - 1
      - 1
      - 1
      - 1
      - 1
      - 1
      - 1
      - 1
      - 1
      - 1
      - 1
      - 1
      - 1
      - 1
   -
      - 2
      - 2
      - 2
      - 2
      - 2
      - 2
      - 2
      - 2
      - 2
      - 2
      - 2
      - 2
      - 2
      - 2
      - 2
      - 2
      - 2
      - 2
      - 2
      - 2
      - 2
      - 2
      - 2
      - 2
   -
      - 0
      - 0
      - 0
      - 0
      - 0
      - 0
      - 0
      - 0
      - 0
      - 0
      - 0
      - 0
      - 0
      - 0
      - 0
      - 0
      - 0
      - 0
      - 0
      - 0
      - 0
      - 0
      - 0
      - 0
   -
      - 1
      - 1
      - 1
      - 1
      - 1
      - 1
      - 1
      - 1
      - 1
      - 1
      - 1
      - 1
      - 1
      - 1
      - 1
      - 1
      - 1
      - 1
      - 1
      - 1
      - 1
      - 1
      - 1
      - 1
   -
      - 2
      - 2
      - 2
      - 2
      - 2
      - 2
      - 2
      - 2
      - 2
      - 2
      - 2
      - 2
      - 2
      - 2
      - 2
      - 2
      - 2
      - 2
      - 2
      - 2
      - 2
      - 2
      - 2
      - 2
   -
      - 0
      - 0
      - 0
      - 0
      - 0
      - 0
      - 0
      - 0
      - 0
      - 0
      - 0
      - 0
      - 0
      - 0
      - 0
      - 0
      - 0
      - 0
      - 0
      - 0
      - 0
      - 0
      - 0
      - 0
   -
      - 1
      - 1
      - 1
      - 1
      - 1
      - 1
      - 1
      - 1
      - 1
      - 1
      - 1
      - 1
      - 1
      - 1
      - 1
      - 1
      - 1
      - 1
      - 1
      - 1
      - 1
      - 1
      - 1
      - 1
   -
      - 2
      - 2
      - 2
      - 2
      - 2
      - 2
      - 2
      - 2
      - 2
      - 2
      - 2
      - 2
      - 2
      - 2
      - 2
      - 2
      - 2
      - 2
      - 2
      - 2
      - 2
      - 2
      - 2
      - 2
